// Jest Snapshot v1, https://goo.gl/fbAQLP

exports[`Runs a test if the user is signed in or not It renders a login page if the user is not signed in 1`] = `
<div>
  <form
    class="Form-sc-1tx35ym-0 etUUQp"
    method="POST"
  >
    <h2>
      Sign Into Your Account
    </h2>
    <fieldset>
      <label
        for="email"
      >
        Email
        <input
          autocomplete="email"
          name="email"
          placeholder="Your Email Address"
          type="email"
          value=""
        />
      </label>
      <label
        for="password"
      >
        Password
        <input
          autocomplete="password"
          name="password"
          placeholder="Password"
          type="password"
          value=""
        />
      </label>
      <button
        type="submit"
      >
        Sign In
      </button>
    </fieldset>
  </form>
</div>
`;

exports[`Runs a test if the user is signed in or not It renders a span with text Hi if logged in 1`] = `
<div>
  <span>
    Hi
  </span>
</div>
`;
